true != false
56 != 65
O == O
N == N
3 == 3
l == l
i == i
N == N
3 == 3
. == .
ON3liN3. == ON3liN3.
