helloWAT
fooWAT
Modern Compiler Implementation in Java,WAT
2nd ed.WAT
Andrew Appel and Jens Palsberg,WAT
Cambridge University Press,WAT
2002.WAT
ISBN 0-521-82060-X.WAT
Compilersâ€”Principles,WAT
Techniques and ToolsWAT
(The Dragon Book),WAT
2nd ed.WAT
Alfred Aho,WAT
Monica Lam,WAT
Ravi Sethi and Jeffrey D.WAT
Ullman.WAT
Addison-Wesley,WAT
2006.WAT
ISBN:WAT
0-321-48681-1WAT
Engineering a Compiler.WAT
Keith Cooper and Linda Torczon.WAT
Elsevier/Morgan Kaufmann,WAT
2004.WAT
ISBN 1-55860-698-8.WAT
Advanced Compiler Design and Implementation.WAT
Steve Muchnick.WAT
Morgan Kaufmann Publishers,WAT
1997.WAT
ISBN 1-558-60320-4.WAT
Principles of Program Analysis.WAT
Flemming Nielson,WAT
Hanne Riis Nielson,WAT
and Chris Hankin.WAT
Springer,WAT
2004.WAT
ISBN 3540654100.WAT
