true != false
56 != 65
A == A
b == b
C == C
A == A
b == b
C == C
A == A
B == B
C == C
AbC == AbC
AbC == AbC
AbC != ABC
AbC == AbC
AbC == AbC
AbC != ABC
ABC != AbC
ABC != AbC
ABC == ABC
