
36, 37, 38, 39, 40, 36, 37, 38, 39, 40, 36, 37, 38, 39, 40, 
just1just1just1just1just1just1just1just1just1just1
