Interface
WonderfulWonderful
Second Class
WonderfulWonderfulWonderful
