
36, 37, 38, 39, 40, 36, 37, 38, 39, 40, 36, 37, 38, 39, 40, 
Characters in the core language which have no obvious ASCII equivalent are represented in the full language in ASCII as follows:Characters in the core language which have no obvious ASCII equivalent are represented in the full language in ASCII as follows:Characters in the core language which have no obvious ASCII equivalent are represented in the full language in ASCII as follows:Characters in the core language which have no obvious ASCII equivalent are represented in the full language in ASCII as follows:Characters in the core language which have no obvious ASCII equivalent are represented in the full language in ASCII as follows:Characters in the core language which have no obvious ASCII equivalent are represented in the full language in ASCII as follows:Characters in the core language which have no obvious ASCII equivalent are represented in the full language in ASCII as follows:Characters in the core language which have no obvious ASCII equivalent are represented in the full language in ASCII as follows:Characters in the core language which have no obvious ASCII equivalent are represented in the full language in ASCII as follows:Characters in the core language which have no obvious ASCII equivalent are represented in the full language in ASCII as follows:
Expressions (denoted e in the grammar) may be surrounded by parentheses.Expressions (denoted e in the grammar) may be surrounded by parentheses.Expressions (denoted e in the grammar) may be surrounded by parentheses.Expressions (denoted e in the grammar) may be surrounded by parentheses.Expressions (denoted e in the grammar) may be surrounded by parentheses.Expressions (denoted e in the grammar) may be surrounded by parentheses.Expressions (denoted e in the grammar) may be surrounded by parentheses.Expressions (denoted e in the grammar) may be surrounded by parentheses.Expressions (denoted e in the grammar) may be surrounded by parentheses.Expressions (denoted e in the grammar) may be surrounded by parentheses.
