Print this line before reading the input.
Print this one before reading, too.
one line.heyyy
