aa
aa
aa
bb
aa
cc
aa
dd
aa
ee
aa
ff
aa
gg
aa
hh
bb
aa
bb
bb
bb
cc
bb
dd
bb
ee
bb
ff
bb
gg
bb
hh
cc
aa
cc
bb
cc
cc
cc
dd
cc
ee
cc
ff
cc
gg
cc
hh
dd
aa
dd
bb
dd
cc
dd
dd
dd
ee
dd
ff
dd
gg
dd
hh
ee
aa
ee
bb
ee
cc
ee
dd
ee
ee
ee
ff
ee
gg
ee
hh
ff
aa
ff
bb
ff
cc
ff
dd
ff
ee
ff
ff
ff
gg
ff
hh
gg
aa
gg
bb
gg
cc
gg
dd
gg
ee
gg
ff
gg
gg
gg
hh
hh
aa
hh
bb
hh
cc
hh
dd
hh
ee
hh
ff
hh
gg
hh
hh
